FAIL
